// Jest Snapshot v1, https://goo.gl/fbAQLP

exports[`Prueba de <MultipleCustomHooks /> debe mostrarse correctamente 1`] = `
<div
  className="container-fluid"
>
  <h1>
    Breakingbad Quotes
  </h1>
  <hr />
  <div
    className="alert alert-info text-center"
  >
    Loading...
  </div>
  <button
    className="btn btn-primary"
    onClick={[Function]}
  >
    Siguiente Quote
  </button>
</div>
`;
